
# Bad RSCALE
RRULE:RSCALE=RUSSIAN;FREQ=YEARLY
DTSTART:20131025
INSTANCES: *** UNIMPLEMENTED: This feature has not been implemented

# Gregorian leap day (omit)
RRULE:RSCALE=GREGORIAN;FREQ=YEARLY;COUNT=4
DTSTART:20120229
INSTANCES:20120229,20160229,20200229,20240229
PREV-INSTANCES:20200229,20160229,20120229

# Gregorian (skip back)
RRULE:RSCALE=GREGORIAN;FREQ=MONTHLY;SKIP=BACKWARD;COUNT=4
DTSTART:20140131
INSTANCES:20140131,20140228,20140331,20140430
PREV-INSTANCES:20140331,20140228,20140131

# Gregorian (skip forward)
RRULE:RSCALE=GREGORIAN;FREQ=MONTHLY;SKIP=FORWARD;COUNT=4
DTSTART:20140131
INSTANCES:20140131,20140301,20140331,20140501
PREV-INSTANCES:20140331,20140301,20140131

# Gregorian (skip forward both)
RRULE:RSCALE=GREGORIAN;FREQ=YEARLY;BYMONTH=2;BYMONTHDAY=28,29;SKIP=FORWARD;COUNT=5
DTSTART:20150201
INSTANCES:20150228,20150301,20160228,20160229,20170228
PREV-INSTANCES:20160229,20160228,20150301,20150228

# Gregorian (skip forward interval)
RRULE:RSCALE=GREGORIAN;FREQ=MONTHLY;INTERVAL=3;SKIP=FORWARD;COUNT=4
DTSTART:20140131
INSTANCES:20140131,20140501,20140731,20141031
PREV-INSTANCES:20140731,20140501,20140131

# Test monthly with largest day of month
RRULE:RSCALE=GREGORIAN;FREQ=MONTHLY;BYMONTHDAY=31;COUNT=12;SKIP=FORWARD
DTSTART:20150131T000000Z
INSTANCES:20150131T000000Z,20150301T000000Z,20150331T000000Z,20150501T000000Z,20150531T000000Z,20150701T000000Z,20150731T000000Z,20150831T000000Z,20151001T000000Z,20151031T000000Z,20151201T000000Z,20151231T000000Z
PREV-INSTANCES:20151201T000000Z,20151031T000000Z,20151001T000000Z,20150831T000000Z,20150731T000000Z,20150701T000000Z,20150531T000000Z,20150501T000000Z,20150331T000000Z,20150301T000000Z,20150131T000000Z

# Test monthly with -largest day of month
RRULE:RSCALE=GREGORIAN;FREQ=MONTHLY;BYMONTHDAY=-31;COUNT=12;SKIP=FORWARD
DTSTART:20150101T000000Z
INSTANCES:20150101T000000Z,20150201T000000Z,20150301T000000Z,20150401T000000Z,20150501T000000Z,20150601T000000Z,20150701T000000Z,20150801T000000Z,20150901T000000Z,20151001T000000Z,20151101T000000Z,20151201T000000Z
PREV-INSTANCES:20151101T000000Z,20151001T000000Z,20150901T000000Z,20150801T000000Z,20150701T000000Z,20150601T000000Z,20150501T000000Z,20150401T000000Z,20150301T000000Z,20150201T000000Z,20150101T000000Z

# Test monthly with largest day of month
RRULE:RSCALE=GREGORIAN;FREQ=MONTHLY;BYMONTHDAY=31;COUNT=12;SKIP=BACKWARD
DTSTART:20150131T000000Z
INSTANCES:20150131T000000Z,20150228T000000Z,20150331T000000Z,20150430T000000Z,20150531T000000Z,20150630T000000Z,20150731T000000Z,20150831T000000Z,20150930T000000Z,20151031T000000Z,20151130T000000Z,20151231T000000Z
PREV-INSTANCES:20151130T000000Z,20151031T000000Z,20150930T000000Z,20150831T000000Z,20150731T000000Z,20150630T000000Z,20150531T000000Z,20150430T000000Z,20150331T000000Z,20150228T000000Z,20150131T000000Z

# Test monthly with -largest day of month
RRULE:RSCALE=GREGORIAN;FREQ=MONTHLY;BYMONTHDAY=-31;COUNT=12;SKIP=BACKWARD
DTSTART:20150101T000000Z
INSTANCES:20150101T000000Z,20150131T000000Z,20150301T000000Z,20150331T000000Z,20150501T000000Z,20150531T000000Z,20150701T000000Z,20150801T000000Z,20150831T000000Z,20151001T000000Z,20151031T000000Z,20151201T000000Z
PREV-INSTANCES:20151031T000000Z,20151001T000000Z,20150831T000000Z,20150801T000000Z,20150701T000000Z,20150531T000000Z,20150501T000000Z,20150331T000000Z,20150301T000000Z,20150131T000000Z,20150101T000000Z

# Test yearly with largest day of year
RRULE:RSCALE=GREGORIAN;FREQ=YEARLY;BYYEARDAY=366;SKIP=FORWARD;COUNT=9
DTSTART:20121231T120000
INSTANCES:20121231T120000,20140101T120000,20150101T120000,20160101T120000,20161231T120000,20180101T120000,20190101T120000,20200101T120000,20201231T120000
PREV-INSTANCES:20200101T120000,20190101T120000,20180101T120000,20161231T120000,20160101T120000,20150101T120000,20140101T120000,20121231T120000

# Test yearly with largest day of year
RRULE:RSCALE=GREGORIAN;FREQ=YEARLY;BYYEARDAY=366;SKIP=BACKWARD;COUNT=9
DTSTART:20121231T120000
INSTANCES:20121231T120000,20131231T120000,20141231T120000,20151231T120000,20161231T120000,20171231T120000,20181231T120000,20191231T120000,20201231T120000
PREV-INSTANCES:20191231T120000,20181231T120000,20171231T120000,20161231T120000,20151231T120000,20141231T120000,20131231T120000,20121231T120000

# Test yearly with -largest day of year
RRULE:RSCALE=GREGORIAN;FREQ=YEARLY;BYYEARDAY=-366;SKIP=FORWARD;COUNT=9
DTSTART:20120101T120000
INSTANCES:20120101T120000,20130101T120000,20140101T120000,20150101T120000,20160101T120000,20170101T120000,20180101T120000,20190101T120000,20200101T120000
PREV-INSTANCES:20190101T120000,20180101T120000,20170101T120000,20160101T120000,20150101T120000,20140101T120000,20130101T120000,20120101T120000

# Test yearly with -largest day of year
RRULE:RSCALE=GREGORIAN;FREQ=YEARLY;BYYEARDAY=-366;SKIP=BACKWARD;COUNT=9
DTSTART:20120101T120000
INSTANCES:20120101T120000,20121231T120000,20131231T120000,20141231T120000,20160101T120000,20161231T120000,20171231T120000,20181231T120000,20200101T120000
PREV-INSTANCES:20181231T120000,20171231T120000,20161231T120000,20160101T120000,20141231T120000,20131231T120000,20121231T120000,20120101T120000
