
# Bad RSCALE
RRULE:RSCALE=RUSSIAN;FREQ=YEARLY
DTSTART:20131025
INSTANCES: *** UNIMPLEMENTED: This feature has not been implemented

# Ethiopic last day of year
RRULE:RSCALE=ETHIOPIC;FREQ=YEARLY;BYMONTH=13;BYMONTHDAY=-1;COUNT=6
DTSTART:20140910
INSTANCES:20140910,20150911,20160910,20170910,20180910,20190911
PREV-INSTANCES:20180910,20170910,20160910,20150911,20140910

# Chinese New Year
RRULE:RSCALE=CHINESE;FREQ=YEARLY;UNTIL=20180101
DTSTART:20130210
INSTANCES:20130210,20140131,20150219,20160208,20170128
PREV-INSTANCES:20170128,20160208,20150219,20140131,20130210

# Chinese monthly
RRULE:RSCALE=CHINESE;FREQ=MONTHLY;COUNT=4
DTSTART:20140920
INSTANCES:20140920,20141020,20141119,20141218
PREV-INSTANCES:20141119,20141020,20140920

# Islamic monthly
RRULE:RSCALE=ISLAMIC-CIVIL;FREQ=MONTHLY;COUNT=4
DTSTART:20131025
INSTANCES:20131025,20131124,20131224,20140122
PREV-INSTANCES:20131224,20131124,20131025

# Islamic Ramadan
RRULE:RSCALE=ISLAMIC-CIVIL;FREQ=YEARLY;BYMONTH=9;COUNT=5
DTSTART:20130709
INSTANCES:20130709,20140629,20150618,20160607,20170527
PREV-INSTANCES:20160607,20150618,20140629,20130709

# Korean Buddha birthday
RRULE:RSCALE=DANGI;FREQ=YEARLY;BYMONTHDAY=8;BYMONTH=4;UNTIL=20160101
DTSTART:20131025
INSTANCES:20140506,20150525
PREV-INSTANCES:20150525,20140506

# Chinese leap month (no leap)
RRULE:RSCALE=CHINESE;FREQ=YEARLY;BYMONTHDAY=10;BYMONTH=9;COUNT=3
DTSTART:20131025
INSTANCES:20141003,20151022,20161010
PREV-INSTANCES:20151022,20141003

# Chinese leap month (omit)
RRULE:RSCALE=CHINESE;FREQ=YEARLY;BYMONTHDAY=10;BYMONTH=9L;SKIP=OMIT;COUNT=2
DTSTART:20131025
INSTANCES:20141102,21091102
PREV-INSTANCES:20141102

RRULE:RSCALE=CHINESE;FREQ=YEARLY;BYMONTHDAY=10;BYMONTH=4L;SKIP=OMIT;UNTIL=21000101
DTSTART:20131025
INSTANCES:20200601,20580531,20690530,20770531,20880530,20960531
PREV-INSTANCES:20960531,20880530,20770531,20690530,20580531,20200601

# Chinese leap month (skip forward)
RRULE:RSCALE=CHINESE;FREQ=YEARLY;BYMONTHDAY=10;BYMONTH=9L;SKIP=FORWARD;COUNT=3
DTSTART:20131025
INSTANCES:20131112,20141102,20151121
PREV-INSTANCES:20141102,20131112

# Chinese leap month (skip back)
RRULE:RSCALE=CHINESE;FREQ=YEARLY;BYMONTHDAY=10;BYMONTH=9L;SKIP=BACKWARD;COUNT=3
DTSTART:20131025
INSTANCES:20141102,20151022,20161010
PREV-INSTANCES:20151022,20141102

# Chinese leap month (both)
RRULE:RSCALE=CHINESE;FREQ=YEARLY;BYMONTHDAY=10;BYMONTH=9,9L;SKIP=BACKWARD;COUNT=4
DTSTART:20131025
INSTANCES:20141003,20141102,20151022,20161010
PREV-INSTANCES:20151022,20141102,20141003

# Every other Chinese New Year, starting at Jan 1, 2016
RRULE:RSCALE=CHINESE;FREQ=YEARLY;UNTIL=20200101;INTERVAL=2
DTSTART:20130210
START-AT:20160101
INSTANCES:20170128,20190205
PREV-INSTANCES:20150219,20130210

# Jewish leap month (omit)
RRULE:RSCALE=HEBREW;FREQ=YEARLY;COUNT=4
DTSTART:20140205
INSTANCES:20140205,20160214,20190210,20220206
PREV-INSTANCES:20190210,20160214,20140205

# Jewish leap month (skip forward)
RRULE:RSCALE=HEBREW;FREQ=YEARLY;SKIP=FORWARD;COUNT=4
DTSTART:20140205
INSTANCES:20140205,20150224,20160214,20170303
PREV-INSTANCES:20160214,20150224,20140205

# Jewish leap month (skip forward by month)
RRULE:RSCALE=HEBREW;FREQ=YEARLY;BYMONTH=5L;BYMONTHDAY=8;SKIP=FORWARD;COUNT=5
DTSTART:20140208
INSTANCES:20140208,20150227,20160217,20170306,20180223
PREV-INSTANCES:20170306,20160217,20150227,20140208

# 30th day of Jewish leap month (skip forward)
RRULE:RSCALE=HEBREW;FREQ=YEARLY;BYMONTH=5L;BYMONTHDAY=30;SKIP=FORWARD;COUNT=5
DTSTART:20140302
INSTANCES:20140302,20150321,20160310,20170328,20180317
PREV-INSTANCES:20170328,20160310,20150321,20140302

# Last day of Jewish leap month (skip forward)
RRULE:RSCALE=HEBREW;FREQ=YEARLY;BYMONTH=5L;BYMONTHDAY=-1;SKIP=FORWARD;COUNT=5
DTSTART:20140302
INSTANCES:20140302,20150320,20160310,20170327,20180316
PREV-INSTANCES:20170327,20160310,20150320,20140302

# 30th day of Jewish leap month (skip backward)
RRULE:RSCALE=HEBREW;FREQ=YEARLY;BYMONTH=5L;BYMONTHDAY=30;SKIP=BACKWARD;COUNT=5
DTSTART:20140302
INSTANCES:20140302,20150219,20160310,20170226,20180215
PREV-INSTANCES:20170226,20160310,20150219,20140302

# Last day of Jewish leap month (skip backward)
RRULE:RSCALE=HEBREW;FREQ=YEARLY;BYMONTH=5L;BYMONTHDAY=-1;SKIP=BACKWARD;COUNT=5
DTSTART:20140302
INSTANCES:20140302,20150219,20160310,20170226,20180215
PREV-INSTANCES:20170226,20160310,20150219,20140302

# Gregorian leap day (omit)
RRULE:RSCALE=GREGORIAN;FREQ=YEARLY;COUNT=4
DTSTART:20120229
INSTANCES:20120229,20160229,20200229,20240229
PREV-INSTANCES:20200229,20160229,20120229

# Gregorian (skip back)
RRULE:RSCALE=GREGORIAN;FREQ=MONTHLY;SKIP=BACKWARD;COUNT=4
DTSTART:20140131
INSTANCES:20140131,20140228,20140331,20140430
PREV-INSTANCES:20140331,20140228,20140131

# Gregorian (skip forward)
RRULE:RSCALE=GREGORIAN;FREQ=MONTHLY;SKIP=FORWARD;COUNT=4
DTSTART:20140131
INSTANCES:20140131,20140301,20140331,20140501
PREV-INSTANCES:20140331,20140301,20140131

# Gregorian (skip forward both)
RRULE:RSCALE=GREGORIAN;FREQ=YEARLY;BYMONTH=2;BYMONTHDAY=28,29;SKIP=FORWARD;COUNT=5
DTSTART:20150201
INSTANCES:20150228,20150301,20160228,20160229,20170228
PREV-INSTANCES:20160229,20160228,20150301,20150228

# Gregorian (skip forward interval)
RRULE:RSCALE=GREGORIAN;FREQ=MONTHLY;INTERVAL=3;SKIP=FORWARD;COUNT=4
DTSTART:20140131
INSTANCES:20140131,20140501,20140731,20141031
PREV-INSTANCES:20140731,20140501,20140131

# Test monthly with largest day of month
RRULE:RSCALE=GREGORIAN;FREQ=MONTHLY;BYMONTHDAY=31;COUNT=12;SKIP=FORWARD
DTSTART:20150131T000000Z
INSTANCES:20150131T000000Z,20150301T000000Z,20150331T000000Z,20150501T000000Z,20150531T000000Z,20150701T000000Z,20150731T000000Z,20150831T000000Z,20151001T000000Z,20151031T000000Z,20151201T000000Z,20151231T000000Z
PREV-INSTANCES:20151201T000000Z,20151031T000000Z,20151001T000000Z,20150831T000000Z,20150731T000000Z,20150701T000000Z,20150531T000000Z,20150501T000000Z,20150331T000000Z,20150301T000000Z,20150131T000000Z

# Test monthly with -largest day of month
RRULE:RSCALE=GREGORIAN;FREQ=MONTHLY;BYMONTHDAY=-31;COUNT=12;SKIP=FORWARD
DTSTART:20150101T000000Z
INSTANCES:20150101T000000Z,20150201T000000Z,20150301T000000Z,20150401T000000Z,20150501T000000Z,20150601T000000Z,20150701T000000Z,20150801T000000Z,20150901T000000Z,20151001T000000Z,20151101T000000Z,20151201T000000Z
PREV-INSTANCES:20151101T000000Z,20151001T000000Z,20150901T000000Z,20150801T000000Z,20150701T000000Z,20150601T000000Z,20150501T000000Z,20150401T000000Z,20150301T000000Z,20150201T000000Z,20150101T000000Z

# Test monthly with largest day of month
RRULE:RSCALE=GREGORIAN;FREQ=MONTHLY;BYMONTHDAY=31;COUNT=12;SKIP=BACKWARD
DTSTART:20150131T000000Z
INSTANCES:20150131T000000Z,20150228T000000Z,20150331T000000Z,20150430T000000Z,20150531T000000Z,20150630T000000Z,20150731T000000Z,20150831T000000Z,20150930T000000Z,20151031T000000Z,20151130T000000Z,20151231T000000Z
PREV-INSTANCES:20151130T000000Z,20151031T000000Z,20150930T000000Z,20150831T000000Z,20150731T000000Z,20150630T000000Z,20150531T000000Z,20150430T000000Z,20150331T000000Z,20150228T000000Z,20150131T000000Z

# Test monthly with -largest day of month
RRULE:RSCALE=GREGORIAN;FREQ=MONTHLY;BYMONTHDAY=-31;COUNT=12;SKIP=BACKWARD
DTSTART:20150101T000000Z
INSTANCES:20150101T000000Z,20150131T000000Z,20150301T000000Z,20150331T000000Z,20150501T000000Z,20150531T000000Z,20150701T000000Z,20150801T000000Z,20150831T000000Z,20151001T000000Z,20151031T000000Z,20151201T000000Z
PREV-INSTANCES:20151031T000000Z,20151001T000000Z,20150831T000000Z,20150801T000000Z,20150701T000000Z,20150531T000000Z,20150501T000000Z,20150331T000000Z,20150301T000000Z,20150131T000000Z,20150101T000000Z

# Test yearly with largest day of year
RRULE:RSCALE=GREGORIAN;FREQ=YEARLY;BYYEARDAY=366;SKIP=FORWARD;COUNT=9
DTSTART:20121231T120000
INSTANCES:20121231T120000,20140101T120000,20150101T120000,20160101T120000,20161231T120000,20180101T120000,20190101T120000,20200101T120000,20201231T120000
PREV-INSTANCES:20200101T120000,20190101T120000,20180101T120000,20161231T120000,20160101T120000,20150101T120000,20140101T120000,20121231T120000

# Test yearly with largest day of year
RRULE:RSCALE=GREGORIAN;FREQ=YEARLY;BYYEARDAY=366;SKIP=BACKWARD;COUNT=9
DTSTART:20121231T120000
INSTANCES:20121231T120000,20131231T120000,20141231T120000,20151231T120000,20161231T120000,20171231T120000,20181231T120000,20191231T120000,20201231T120000
PREV-INSTANCES:20191231T120000,20181231T120000,20171231T120000,20161231T120000,20151231T120000,20141231T120000,20131231T120000,20121231T120000

# Test yearly with -largest day of year
RRULE:RSCALE=GREGORIAN;FREQ=YEARLY;BYYEARDAY=-366;SKIP=FORWARD;COUNT=9
DTSTART:20120101T120000
INSTANCES:20120101T120000,20130101T120000,20140101T120000,20150101T120000,20160101T120000,20170101T120000,20180101T120000,20190101T120000,20200101T120000
PREV-INSTANCES:20190101T120000,20180101T120000,20170101T120000,20160101T120000,20150101T120000,20140101T120000,20130101T120000,20120101T120000

# Test yearly with -largest day of year
RRULE:RSCALE=GREGORIAN;FREQ=YEARLY;BYYEARDAY=-366;SKIP=BACKWARD;COUNT=9
DTSTART:20120101T120000
INSTANCES:20120101T120000,20121231T120000,20131231T120000,20141231T120000,20160101T120000,20161231T120000,20171231T120000,20181231T120000,20200101T120000
PREV-INSTANCES:20181231T120000,20171231T120000,20161231T120000,20160101T120000,20141231T120000,20131231T120000,20121231T120000,20120101T120000
